[debug] [2026-09-21T22:20:25.134Z] ----------------------------------------------------------------------
[debug] [2026-09-21T22:20:25.135Z] Command:       C:\Program Files\nodejs\node.exe C:\Users\grand\AppData\Roaming\npm\node_modules\firebase-tools\lib\bin\firebase.js serve
[debug] [2026-09-21T22:20:25.135Z] CLI Version:   15.14.0
[debug] [2026-09-21T22:20:25.135Z] Platform:      win32
[debug] [2026-09-21T22:20:25.135Z] Node Version:  v24.12.0
[debug] [2026-09-21T22:20:25.135Z] Time:          Mon Sep 21 2026 16:20:25 GMT-0600 (Mountain Daylight Time)
[debug] [2026-09-21T22:20:25.135Z] ----------------------------------------------------------------------
[debug] 
[debug] [2026-09-21T22:20:25.137Z] >>> [apiv2][query] GET https://firebase-public.firebaseio.com/cli.json [none]
[debug] [2026-09-21T22:20:40.435Z] > command requires scopes: ["email","openid","https://www.googleapis.com/auth/cloudplatformprojects.readonly","https://www.googleapis.com/auth/firebase","https://www.googleapis.com/auth/cloud-platform"]
[debug] [2026-09-21T22:20:40.435Z] > authorizing via signed-in user (grandvalleygaragedoors@yahoo.com)
[debug] [2026-09-21T22:20:40.435Z] [iam] checking project grand-valley-quotepro for permissions ["firebase.projects.get"]
[debug] [2026-09-21T22:20:40.436Z] Checked if tokens are valid: false, expires at: 1788474504486
[debug] [2026-09-21T22:20:40.436Z] Checked if tokens are valid: false, expires at: 1788474504486
[debug] [2026-09-21T22:20:40.436Z] > refreshing access token with scopes: []
[debug] [2026-09-21T22:20:40.437Z] >>> [apiv2][query] POST https://www.googleapis.com/oauth2/v3/token [none]
[debug] [2026-09-21T22:20:40.437Z] >>> [apiv2][body] POST https://www.googleapis.com/oauth2/v3/token [omitted]
[debug] [2026-09-21T22:20:40.571Z] <<< [apiv2][status] POST https://www.googleapis.com/oauth2/v3/token 200
[debug] [2026-09-21T22:20:40.571Z] <<< [apiv2][body] POST https://www.googleapis.com/oauth2/v3/token [omitted]
[debug] [2026-09-21T22:20:40.581Z] >>> [apiv2][query] POST https://cloudresourcemanager.googleapis.com/v1/projects/grand-valley-quotepro:testIamPermissions [none]
[debug] [2026-09-21T22:20:40.581Z] >>> [apiv2][(partial)header] POST https://cloudresourcemanager.googleapis.com/v1/projects/grand-valley-quotepro:testIamPermissions  x-goog-user-project=grand-valley-quotepro
[debug] [2026-09-21T22:20:40.582Z] >>> [apiv2][body] POST https://cloudresourcemanager.googleapis.com/v1/projects/grand-valley-quotepro:testIamPermissions {"permissions":["firebase.projects.get"]}
[debug] [2026-09-21T22:20:40.694Z] <<< [apiv2][status] GET https://firebase-public.firebaseio.com/cli.json 200
[debug] [2026-09-21T22:20:40.694Z] <<< [apiv2][body] GET https://firebase-public.firebaseio.com/cli.json {"cloudBuildErrorAfter":1594252800000,"cloudBuildWarnAfter":1590019200000,"defaultNode10After":1594252800000,"minVersion":"3.0.5","node8DeploysDisabledAfter":1613390400000,"node8RuntimeDisabledAfter":1615809600000,"node8WarnAfter":1600128000000}
[debug] [2026-09-21T22:20:40.767Z] <<< [apiv2][status] POST https://cloudresourcemanager.googleapis.com/v1/projects/grand-valley-quotepro:testIamPermissions 200
[debug] [2026-09-21T22:20:40.768Z] <<< [apiv2][body] POST https://cloudresourcemanager.googleapis.com/v1/projects/grand-valley-quotepro:testIamPermissions {"permissions":["firebase.projects.get"]}
[debug] [2026-09-21T22:20:40.769Z] Checked if tokens are valid: true, expires at: 1790032839571
[debug] [2026-09-21T22:20:40.769Z] Checked if tokens are valid: true, expires at: 1790032839571
[debug] [2026-09-21T22:20:40.769Z] >>> [apiv2][query] GET https://serviceusage.googleapis.com/v1/projects/grand-valley-quotepro/services/cloudresourcemanager.googleapis.com [none]
[debug] [2026-09-21T22:20:40.769Z] >>> [apiv2][(partial)header] GET https://serviceusage.googleapis.com/v1/projects/grand-valley-quotepro/services/cloudresourcemanager.googleapis.com  x-goog-user-project=grand-valley-quotepro
[debug] [2026-09-21T22:20:41.033Z] <<< [apiv2][status] GET https://serviceusage.googleapis.com/v1/projects/grand-valley-quotepro/services/cloudresourcemanager.googleapis.com 200
[debug] [2026-09-21T22:20:41.033Z] <<< [apiv2][body] GET https://serviceusage.googleapis.com/v1/projects/grand-valley-quotepro/services/cloudresourcemanager.googleapis.com [omitted]
[debug] [2026-09-21T22:20:41.043Z] Checked if tokens are valid: true, expires at: 1790032839571
[debug] [2026-09-21T22:20:41.043Z] Checked if tokens are valid: true, expires at: 1790032839571
[debug] [2026-09-21T22:20:41.043Z] >>> [apiv2][query] GET https://cloudresourcemanager.googleapis.com/v1/projects/grand-valley-quotepro [none]
[debug] [2026-09-21T22:20:41.156Z] <<< [apiv2][status] GET https://cloudresourcemanager.googleapis.com/v1/projects/grand-valley-quotepro 200
[debug] [2026-09-21T22:20:41.156Z] <<< [apiv2][body] GET https://cloudresourcemanager.googleapis.com/v1/projects/grand-valley-quotepro {"projectNumber":"985984728592","projectId":"grand-valley-quotepro","lifecycleState":"ACTIVE","name":"Grand Valley QuotePro","labels":{"firebase":"enabled","firebase-core":"disabled"},"createTime":"2026-01-21T21:48:47.838212Z"}
[info] 
[info] === Serving from 'C:\Users\grand\Documents\WebProjects\QuotePro Backup'...
[info] 
[debug] [2026-09-21T22:20:41.159Z] Checked if tokens are valid: true, expires at: 1790032839571
[debug] [2026-09-21T22:20:41.159Z] Checked if tokens are valid: true, expires at: 1790032839571
[debug] [2026-09-21T22:20:41.159Z] >>> [apiv2][query] GET https://firebasehosting.googleapis.com/v1beta1/projects/grand-valley-quotepro/sites 
[debug] [2026-09-21T22:20:41.943Z] <<< [apiv2][status] GET https://firebasehosting.googleapis.com/v1beta1/projects/grand-valley-quotepro/sites 200
[debug] [2026-09-21T22:20:41.943Z] <<< [apiv2][body] GET https://firebasehosting.googleapis.com/v1beta1/projects/grand-valley-quotepro/sites {"sites":[{"name":"projects/grand-valley-quotepro/sites/grand-valley-quotepro","defaultUrl":"https://grand-valley-quotepro.web.app","type":"DEFAULT_SITE"}]}
[debug] [2026-09-21T22:20:41.943Z] Checked if tokens are valid: true, expires at: 1790032839571
[debug] [2026-09-21T22:20:41.943Z] Checked if tokens are valid: true, expires at: 1790032839571
[debug] [2026-09-21T22:20:41.944Z] >>> [apiv2][query] GET https://firebase.googleapis.com/v1beta1/projects/grand-valley-quotepro/webApps/-/config [none]
[debug] [2026-09-21T22:20:42.467Z] <<< [apiv2][status] GET https://firebase.googleapis.com/v1beta1/projects/grand-valley-quotepro/webApps/-/config 200
[debug] [2026-09-21T22:20:42.468Z] <<< [apiv2][body] GET https://firebase.googleapis.com/v1beta1/projects/grand-valley-quotepro/webApps/-/config {"projectId":"grand-valley-quotepro","appId":"1:985984728592:web:fe4ec6d314a3fcd7669495","storageBucket":"grand-valley-quotepro.firebasestorage.app","apiKey":"AIzaSyCM_0IRA3n2q0hf5VvY3R91tKBxFwIsi9o","authDomain":"grand-valley-quotepro.firebaseapp.com","messagingSenderId":"985984728592","projectNumber":"985984728592","version":"2"}
[debug] [2026-09-21T22:20:42.492Z] Checked if tokens are valid: true, expires at: 1790032839571
[debug] [2026-09-21T22:20:42.492Z] Checked if tokens are valid: true, expires at: 1790032839571
[debug] [2026-09-21T22:20:42.493Z] >>> [apiv2][query] GET https://firebase.googleapis.com/v1beta1/projects/grand-valley-quotepro [none]
[debug] [2026-09-21T22:20:42.722Z] <<< [apiv2][status] GET https://firebase.googleapis.com/v1beta1/projects/grand-valley-quotepro 200
[debug] [2026-09-21T22:20:42.722Z] <<< [apiv2][body] GET https://firebase.googleapis.com/v1beta1/projects/grand-valley-quotepro {"projectId":"grand-valley-quotepro","projectNumber":"985984728592","displayName":"Grand Valley QuotePro","name":"projects/grand-valley-quotepro","resources":{"hostingSite":"grand-valley-quotepro"},"state":"ACTIVE","labels":{"firebase":"enabled"},"etag":"1_708aebf1-a77d-44f5-bb6e-508bad23c151"}
[info] i  hosting[grand-valley-quotepro]: Serving hosting files from: public {"metadata":{"emulator":{"name":"hosting"},"message":"Serving hosting files from: \u001b[1mpublic\u001b[22m"}}
[info] +  hosting[grand-valley-quotepro]: Local server: http://localhost:5000 {"metadata":{"emulator":{"name":"hosting"},"message":"Local server: \u001b[4m\u001b[1mhttp://localhost:5000\u001b[22m\u001b[24m"}}
[info] i  hosting: ::1 - - [21/Sep/2026:22:20:57 +0000] "GET / HTTP/1.1" 200 - "-" "Mozilla/5.0 (Windows NT 10.0; Win64; x64) AppleWebKit/537.36 (KHTML, like Gecko) Chrome/153.0.0.0 Safari/537.36" {"metadata":{"emulator":{"name":"hosting"},"message":"::1 - - [21/Sep/2026:22:20:57 +0000] \"GET / HTTP/1.1\" 200 - \"-\" \"Mozilla/5.0 (Windows NT 10.0; Win64; x64) AppleWebKit/537.36 (KHTML, like Gecko) Chrome/153.0.0.0 Safari/537.36\""}}
[info] i  hosting: ::1 - - [21/Sep/2026:22:20:57 +0000] "GET /large%20logo.png HTTP/1.1" 200 753087 "http://localhost:5000/" "Mozilla/5.0 (Windows NT 10.0; Win64; x64) AppleWebKit/537.36 (KHTML, like Gecko) Chrome/153.0.0.0 Safari/537.36" {"metadata":{"emulator":{"name":"hosting"},"message":"::1 - - [21/Sep/2026:22:20:57 +0000] \"GET /large%20logo.png HTTP/1.1\" 200 753087 \"http://localhost:5000/\" \"Mozilla/5.0 (Windows NT 10.0; Win64; x64) AppleWebKit/537.36 (KHTML, like Gecko) Chrome/153.0.0.0 Safari/537.36\""}}
[info] i  hosting: ::1 - - [21/Sep/2026:22:20:57 +0000] "GET /favicon.ico HTTP/1.1" 200 - "http://localhost:5000/" "Mozilla/5.0 (Windows NT 10.0; Win64; x64) AppleWebKit/537.36 (KHTML, like Gecko) Chrome/153.0.0.0 Safari/537.36" {"metadata":{"emulator":{"name":"hosting"},"message":"::1 - - [21/Sep/2026:22:20:57 +0000] \"GET /favicon.ico HTTP/1.1\" 200 - \"http://localhost:5000/\" \"Mozilla/5.0 (Windows NT 10.0; Win64; x64) AppleWebKit/537.36 (KHTML, like Gecko) Chrome/153.0.0.0 Safari/537.36\""}}
